Archive member included to satisfy reference by file (symbol)

C:/ST/STM32CubeIDE_1.17.0/STM32CubeIDE/plugins/com.st.stm32cube.ide.mcu.externaltools.gnu-tools-for-stm32.12.3.rel1.win32_1.1.0.202410251130/tools/bin/../lib/gcc/arm-none-eabi/12.3.1/../../../../arm-none-eabi/lib/thumb/v7e-m+fp/hard\libc_nano.a(libc_a-exit.o)
                              C:/ST/STM32CubeIDE_1.17.0/STM32CubeIDE/plugins/com.st.stm32cube.ide.mcu.externaltools.gnu-tools-for-stm32.12.3.rel1.win32_1.1.0.202410251130/tools/bin/../lib/gcc/arm-none-eabi/12.3.1/../../../../arm-none-eabi/lib/thumb/v7e-m+fp/hard/crt0.o (exit)
C:/ST/STM32CubeIDE_1.17.0/STM32CubeIDE/plugins/com.st.stm32cube.ide.mcu.externaltools.gnu-tools-for-stm32.12.3.rel1.win32_1.1.0.202410251130/tools/bin/../lib/gcc/arm-none-eabi/12.3.1/../../../../arm-none-eabi/lib/thumb/v7e-m+fp/hard\libc_nano.a(libc_a-findfp.o)
                              C:/ST/STM32CubeIDE_1.17.0/STM32CubeIDE/plugins/com.st.stm32cube.ide.mcu.externaltools.gnu-tools-for-stm32.12.3.rel1.win32_1.1.0.202410251130/tools/bin/../lib/gcc/arm-none-eabi/12.3.1/../../../../arm-none-eabi/lib/thumb/v7e-m+fp/hard\libc_nano.a(libc_a-exit.o) (__stdio_exit_handler)
C:/ST/STM32CubeIDE_1.17.0/STM32CubeIDE/plugins/com.st.stm32cube.ide.mcu.externaltools.gnu-tools-for-stm32.12.3.rel1.win32_1.1.0.202410251130/tools/bin/../lib/gcc/arm-none-eabi/12.3.1/../../../../arm-none-eabi/lib/thumb/v7e-m+fp/hard\libc_nano.a(libc_a-fwalk.o)
                              C:/ST/STM32CubeIDE_1.17.0/STM32CubeIDE/plugins/com.st.stm32cube.ide.mcu.externaltools.gnu-tools-for-stm32.12.3.rel1.win32_1.1.0.202410251130/tools/bin/../lib/gcc/arm-none-eabi/12.3.1/../../../../arm-none-eabi/lib/thumb/v7e-m+fp/hard\libc_nano.a(libc_a-findfp.o) (_fwalk_sglue)
C:/ST/STM32CubeIDE_1.17.0/STM32CubeIDE/plugins/com.st.stm32cube.ide.mcu.externaltools.gnu-tools-for-stm32.12.3.rel1.win32_1.1.0.202410251130/tools/bin/../lib/gcc/arm-none-eabi/12.3.1/../../../../arm-none-eabi/lib/thumb/v7e-m+fp/hard\libc_nano.a(libc_a-stdio.o)
                              C:/ST/STM32CubeIDE_1.17.0/STM32CubeIDE/plugins/com.st.stm32cube.ide.mcu.externaltools.gnu-tools-for-stm32.12.3.rel1.win32_1.1.0.202410251130/tools/bin/../lib/gcc/arm-none-eabi/12.3.1/../../../../arm-none-eabi/lib/thumb/v7e-m+fp/hard\libc_nano.a(libc_a-findfp.o) (__sread)
C:/ST/STM32CubeIDE_1.17.0/STM32CubeIDE/plugins/com.st.stm32cube.ide.mcu.externaltools.gnu-tools-for-stm32.12.3.rel1.win32_1.1.0.202410251130/tools/bin/../lib/gcc/arm-none-eabi/12.3.1/../../../../arm-none-eabi/lib/thumb/v7e-m+fp/hard\libc_nano.a(libc_a-memset.o)
                              C:/ST/STM32CubeIDE_1.17.0/STM32CubeIDE/plugins/com.st.stm32cube.ide.mcu.externaltools.gnu-tools-for-stm32.12.3.rel1.win32_1.1.0.202410251130/tools/bin/../lib/gcc/arm-none-eabi/12.3.1/../../../../arm-none-eabi/lib/thumb/v7e-m+fp/hard/crt0.o (memset)
C:/ST/STM32CubeIDE_1.17.0/STM32CubeIDE/plugins/com.st.stm32cube.ide.mcu.externaltools.gnu-tools-for-stm32.12.3.rel1.win32_1.1.0.202410251130/tools/bin/../lib/gcc/arm-none-eabi/12.3.1/../../../../arm-none-eabi/lib/thumb/v7e-m+fp/hard\libc_nano.a(libc_a-closer.o)
                              C:/ST/STM32CubeIDE_1.17.0/STM32CubeIDE/plugins/com.st.stm32cube.ide.mcu.externaltools.gnu-tools-for-stm32.12.3.rel1.win32_1.1.0.202410251130/tools/bin/../lib/gcc/arm-none-eabi/12.3.1/../../../../arm-none-eabi/lib/thumb/v7e-m+fp/hard\libc_nano.a(libc_a-stdio.o) (_close_r)
C:/ST/STM32CubeIDE_1.17.0/STM32CubeIDE/plugins/com.st.stm32cube.ide.mcu.externaltools.gnu-tools-for-stm32.12.3.rel1.win32_1.1.0.202410251130/tools/bin/../lib/gcc/arm-none-eabi/12.3.1/../../../../arm-none-eabi/lib/thumb/v7e-m+fp/hard\libc_nano.a(libc_a-reent.o)
                              C:/ST/STM32CubeIDE_1.17.0/STM32CubeIDE/plugins/com.st.stm32cube.ide.mcu.externaltools.gnu-tools-for-stm32.12.3.rel1.win32_1.1.0.202410251130/tools/bin/../lib/gcc/arm-none-eabi/12.3.1/../../../../arm-none-eabi/lib/thumb/v7e-m+fp/hard\libc_nano.a(libc_a-closer.o) (errno)
C:/ST/STM32CubeIDE_1.17.0/STM32CubeIDE/plugins/com.st.stm32cube.ide.mcu.externaltools.gnu-tools-for-stm32.12.3.rel1.win32_1.1.0.202410251130/tools/bin/../lib/gcc/arm-none-eabi/12.3.1/../../../../arm-none-eabi/lib/thumb/v7e-m+fp/hard\libc_nano.a(libc_a-impure.o)
                              C:/ST/STM32CubeIDE_1.17.0/STM32CubeIDE/plugins/com.st.stm32cube.ide.mcu.externaltools.gnu-tools-for-stm32.12.3.rel1.win32_1.1.0.202410251130/tools/bin/../lib/gcc/arm-none-eabi/12.3.1/../../../../arm-none-eabi/lib/thumb/v7e-m+fp/hard\libc_nano.a(libc_a-reent.o) (_impure_ptr)
C:/ST/STM32CubeIDE_1.17.0/STM32CubeIDE/plugins/com.st.stm32cube.ide.mcu.externaltools.gnu-tools-for-stm32.12.3.rel1.win32_1.1.0.202410251130/tools/bin/../lib/gcc/arm-none-eabi/12.3.1/../../../../arm-none-eabi/lib/thumb/v7e-m+fp/hard\libc_nano.a(libc_a-lseekr.o)
[...]
Memory Configuration

Name             Origin             Length             Attributes
CCMRAM           0x10000000         0x00010000         xrw
RAM              0x20000000         0x00020000         xrw
FLASH            0x08000000         0x00100000         xr
*default*        0x00000000         0xffffffff

Linker script and memory map

LOAD C:/ST/STM32CubeIDE_1.17.0/STM32CubeIDE/plugins/com.st.stm32cube.ide.mcu.externaltools.gnu-tools-for-stm32.12.3.rel1.win32_1.1.0.202410251130/tools/bin/../lib/gcc/arm-none-eabi/12.3.1/thumb/v7e-m+fp/hard/crti.o
LOAD C:/ST/STM32CubeIDE_1.17.0/STM32CubeIDE/plugins/com.st.stm32cube.ide.mcu.externaltools.gnu-tools-for-stm32.12.3.rel1.win32_1.1.0.202410251130/tools/bin/../lib/gcc/arm-none-eabi/12.3.1/thumb/v7e-m+fp/hard/crtbegin.o
LOAD C:/ST/STM32CubeIDE_1.17.0/STM32CubeIDE/plugins/com.st.stm32cube.ide.mcu.externaltools.gnu-tools-for-stm32.12.3.rel1.win32_1.1.0.202410251130/tools/bin/../lib/gcc/arm-none-eabi/12.3.1/../../../../arm-none-eabi/lib/thumb/v7e-m+fp/hard/crt0.o
LOAD ./Core/Src/Application.o
LOAD ./Core/Src/Driver.o
LOAD ./Core/Src/Protocol.o
LOAD ./Core/Src/Utils.o
LOAD ./Core/Src/main.o
LOAD ./Core/Src/stm32f4xx_hal_msp.o
LOAD ./Core/Src/stm32f4xx_it.o
LOAD ./Core/Src/syscalls.o
LOAD ./Core/Src/sysmem.o
LOAD ./Core/Src/system_stm32f4xx.o
LOAD ./Core/Startup/startup_stm32f407vgtx.o
LOAD ./Drivers/STM32F4xx_HAL_Driver/Src/stm32f4xx_hal.o
LOAD ./Drivers/STM32F4xx_HAL_Driver/Src/stm32f4xx_hal_cortex.o
LOAD ./Drivers/STM32F4xx_HAL_Driver/Src/stm32f4xx_hal_dma.o
LOAD ./Drivers/STM32F4xx_HAL_Driver/Src/stm32f4xx_hal_dma_ex.o
LOAD ./Drivers/STM32F4xx_HAL_Driver/Src/stm32f4xx_hal_exti.o
LOAD ./Drivers/STM32F4xx_HAL_Driver/Src/stm32f4xx_hal_flash.o
LOAD ./Drivers/STM32F4xx_HAL_Driver/Src/stm32f4xx_hal_flash_ex.o
LOAD ./Drivers/STM32F4xx_HAL_Driver/Src/stm32f4xx_hal_flash_ramfunc.o
LOAD ./Drivers/STM32F4xx_HAL_Driver/Src/stm32f4xx_hal_gpio.o
LOAD ./Drivers/STM32F4xx_HAL_Driver/Src/stm32f4xx_hal_pwr.o
LOAD ./Drivers/STM32F4xx_HAL_Driver/Src/stm32f4xx_hal_pwr_ex.o
LOAD ./Drivers/STM32F4xx_HAL_Driver/Src/stm32f4xx_hal_rcc.o
LOAD ./Drivers/STM32F4xx_HAL_Driver/Src/stm32f4xx_hal_rcc_ex.o
LOAD ./Drivers/STM32F4xx_HAL_Driver/Src/stm32f4xx_hal_uart.o
START GROUP
LOAD C:/ST/STM32CubeIDE_1.17.0/STM32CubeIDE/plugins/com.st.stm32cube.ide.mcu.externaltools.gnu-tools-for-stm32.12.3.rel1.win32_1.1.0.202410251130/tools/bin/../lib/gcc/arm-none-eabi/12.3.1/../../../../arm-none-eabi/lib/thumb/v7e-m+fp/hard\libc_nano.a
LOAD C:/ST/STM32CubeIDE_1.17.0/STM32CubeIDE/plugins/com.st.stm32cube.ide.mcu.externaltools.gnu-tools-for-stm32.12.3.rel1.win32_1.1.0.202410251130/tools/bin/../lib/gcc/arm-none-eabi/12.3.1/../../../../arm-none-eabi/lib/thumb/v7e-m+fp/hard\libm.a
END GROUP
START GROUP
LOAD C:/ST/STM32CubeIDE_1.17.0/STM32CubeIDE/plugins/com.st.stm32cube.ide.mcu.externaltools.gnu-tools-for-stm32.12.3.rel1.win32_1.1.0.202410251130/tools/bin/../lib/gcc/arm-none-eabi/12.3.1/thumb/v7e-m+fp/hard\libgcc.a
LOAD C:/ST/STM32CubeIDE_1.17.0/STM32CubeIDE/plugins/com.st.stm32cube.ide.mcu.externaltools.gnu-tools-for-stm32.12.3.rel1.win32_1.1.0.202410251130/tools/bin/../lib/gcc/arm-none-eabi/12.3.1/../../../../arm-none-eabi/lib/thumb/v7e-m+fp/hard\libc_nano.a
END GROUP
START GROUP
LOAD C:/ST/STM32CubeIDE_1.17.0/STM32CubeIDE/plugins/com.st.stm32cube.ide.mcu.externaltools.gnu-tools-for-stm32.12.3.rel1.win32_1.1.0.202410251130/tools/bin/../lib/gcc/arm-none-eabi/12.3.1/thumb/v7e-m+fp/hard\libgcc.a
LOAD C:/ST/STM32CubeIDE_1.17.0/STM32CubeIDE/plugins/com.st.stm32cube.ide.mcu.externaltools.gnu-tools-for-stm32.12.3.rel1.win32_1.1.0.202410251130/tools/bin/../lib/gcc/arm-none-eabi/12.3.1/../../../../arm-none-eabi/lib/thumb/v7e-m+fp/hard\libc_nano.a
LOAD C:/ST/STM32CubeIDE_1.17.0/STM32CubeIDE/plugins/com.st.stm32cube.ide.mcu.externaltools.gnu-tools-for-stm32.12.3.rel1.win32_1.1.0.202410251130/tools/bin/../lib/gcc/arm-none-eabi/12.3.1/../../../../arm-none-eabi/lib/thumb/v7e-m+fp/hard\libnosys.a
END GROUP
START GROUP
LOAD C:/ST/STM32CubeIDE_1.17.0/STM32CubeIDE/plugins/com.st.stm32cube.ide.mcu.externaltools.gnu-tools-for-stm32.12.3.rel1.win32_1.1.0.202410251130/tools/bin/../lib/gcc/arm-none-eabi/12.3.1/thumb/v7e-m+fp/hard\libgcc.a
LOAD C:/ST/STM32CubeIDE_1.17.0/STM32CubeIDE/plugins/com.st.stm32cube.ide.mcu.externaltools.gnu-tools-for-stm32.12.3.rel1.win32_1.1.0.202410251130/tools/bin/../lib/gcc/arm-none-eabi/12.3.1/../../../../arm-none-eabi/lib/thumb/v7e-m+fp/hard\libc_nano.a
LOAD C:/ST/STM32CubeIDE_1.17.0/STM32CubeIDE/plugins/com.st.stm32cube.ide.mcu.externaltools.gnu-tools-for-stm32.12.3.rel1.win32_1.1.0.202410251130/tools/bin/../lib/gcc/arm-none-eabi/12.3.1/../../../../arm-none-eabi/lib/thumb/v7e-m+fp/hard\libnosys.a
END GROUP
LOAD C:/ST/STM32CubeIDE_1.17.0/STM32CubeIDE/plugins/com.st.stm32cube.ide.mcu.externaltools.gnu-tools-for-stm32.12.3.rel1.win32_1.1.0.202410251130/tools/bin/../lib/gcc/arm-none-eabi/12.3.1/thumb/v7e-m+fp/hard/crtend.o
LOAD C:/ST/STM32CubeIDE_1.17.0/STM32CubeIDE/plugins/com.st.stm32cube.ide.mcu.externaltools.gnu-tools-for-stm32.12.3.rel1.win32_1.1.0.202410251130/tools/bin/../lib/gcc/arm-none-eabi/12.3.1/thumb/v7e-m+fp/hard/crtn.o
                0x20020000                        _estack = (ORIGIN (RAM) + LENGTH (RAM))
                0x00000200                        _Min_Heap_Size = 0x200
                0x00000400                        _Min_Stack_Size = 0x400

.isr_vector     0x08000000      0x188
                0x08000000                        . = ALIGN (0x4)
 *(.isr_vector)
 .isr_vector    0x08000000      0x188 ./Core/Startup/startup_stm32f407vgtx.o
                0x08000000                g_pfnVectors
                0x08000188                        . = ALIGN (0x4)

.text           0x08000188     0x2ab4
                0x08000188                        . = ALIGN (0x4)
 *(.text)
 .text          0x08000188       0x40 C:/ST/STM32CubeIDE_1.17.0/STM32CubeIDE/plugins/com.st.stm32cube.ide.mcu.externaltools.gnu-tools-for-stm32.12.3.rel1.win32_1.1.0.202410251130/tools/bin/../lib/gcc/arm-none-eabi/12.3.1/thumb/v7e-m+fp/hard/crtbegin.o
 .text          0x080001c8       0x30 C:/ST/STM32CubeIDE_1.17.0/STM32CubeIDE/plugins/com.st.stm32cube.ide.mcu.externaltools.gnu-tools-for-stm32.12.3.rel1.win32_1.1.0.202410251130/tools/bin/../lib/gcc/arm-none-eabi/12.3.1/thumb/v7e-m+fp/hard\libgcc.a(_aeabi_uldivmod.o)
                0x080001c8                __aeabi_uldivmod
 .text          0x080001f8      0x2bc C:/ST/STM32CubeIDE_1.17.0/STM32CubeIDE/plugins/com.st.stm32cube.ide.mcu.externaltools.gnu-tools-for-stm32.12.3.rel1.win32_1.1.0.202410251130/tools/bin/../lib/gcc/arm-none-eabi/12.3.1/thumb/v7e-m+fp/hard\libgcc.a(_udivmoddi4.o)
                0x080001f8                __udivmoddi4
 .text          0x080004b4        0x4 C:/ST/STM32CubeIDE_1.17.0/STM32CubeIDE/plugins/com.st.stm32cube.ide.mcu.externaltools.gnu-tools-for-stm32.12.3.rel1.win32_1.1.0.202410251130/tools/bin/../lib/gcc/arm-none-eabi/12.3.1/thumb/v7e-m+fp/hard\libgcc.a(_dvmd_tls.o)
                0x080004b4                __aeabi_idiv0
                0x080004b4                __aeabi_ldiv0
 *(.text*)
 .text.send_packet_data
                0x080004b8       0x3c ./Core/Src/Application.o
                0x080004b8                send_packet_data
 .text.send_date_data
                0x080004f4       0x3c ./Core/Src/Application.o
                0x080004f4                send_date_data
 .text.send_time_data
                0x08000530       0x3c ./Core/Src/Application.o
                0x08000530                send_time_data
 .text.send_adc_data
                0x0800056c       0x38 ./Core/Src/Application.o
                0x0800056c                send_adc_data
 .text.send_button_data
                0x080005a4       0x38 ./Core/Src/Application.o
                0x080005a4                send_button_data
 .text.send_temperature
                0x080005dc       0x30 ./Core/Src/Application.o
                0x080005dc                send_temperature
 .text.Driver_UART_Send
                0x0800060c       0x28 ./Core/Src/Driver.o
                0x0800060c                Driver_UART_Send
 .text.calculate_crc16
                0x08000634       0x78 ./Core/Src/Protocol.o
                0x08000634                calculate_crc16
 .text.pack_packet
                0x080006ac       0x7a ./Core/Src/Protocol.o
                0x080006ac                pack_packet
 .text.send_packet
                0x08000726       0x46 ./Core/Src/Protocol.o
                0x08000726                send_packet
 .text.Driver_GetTimeMs
                0x0800076c        0xe ./Core/Src/Utils.o
                0x0800076c                Driver_GetTimeMs
 .text.main     0x0800077a       0x4c ./Core/Src/main.o
                0x0800077a                main
 *fill*         0x080007c6        0x2 
 .text.SystemClock_Config
                0x080007c8       0xd4 ./Core/Src/main.o
                0x080007c8                SystemClock_Config
 .text.MX_USART2_UART_Init
                0x0800089c       0x54 ./Core/Src/main.o
 .text.MX_GPIO_Init
                0x080008f0       0x78 ./Core/Src/main.o
 .text.Error_Handler
                0x08000968        0xc ./Core/Src/main.o
                0x08000968                Error_Handler
 .text.HAL_MspInit
                0x08000974       0x50 ./Core/Src/stm32f4xx_hal_msp.o
                0x08000974                HAL_MspInit
 .text.HAL_UART_MspInit
                0x080009c4       0xa0 ./Core/Src/stm32f4xx_hal_msp.o
                0x080009c4                HAL_UART_MspInit
 .text.NMI_Handler
                0x08000a64        0x8 ./Core/Src/stm32f4xx_it.o
                0x08000a64                NMI_Handler
 .text.HardFault_Handler
                0x08000a6c        0x8 ./Core/Src/stm32f4xx_it.o
                0x08000a6c                HardFault_Handler
 .text.MemManage_Handler
                0x08000a74        0x8 ./Core/Src/stm32f4xx_it.o
                0x08000a74                MemManage_Handler
 .text.BusFault_Handler
                0x08000a7c        0x8 ./Core/Src/stm32f4xx_it.o
                0x08000a7c                BusFault_Handler
 .text.UsageFault_Handler
                0x08000a84        0x8 ./Core/Src/stm32f4xx_it.o
                0x08000a84                UsageFault_Handler
 .text.SVC_Handler
                0x08000a8c        0xe ./Core/Src/stm32f4xx_it.o
                0x08000a8c                SVC_Handler
 .text.DebugMon_Handler
                0x08000a9a        0xe ./Core/Src/stm32f4xx_it.o
                0x08000a9a                DebugMon_Handler
 .text.PendSV_Handler
                0x08000aa8        0xe ./Core/Src/stm32f4xx_it.o
                0x08000aa8                PendSV_Handler
 .text.SysTick_Handler
                0x08000ab6        0xc ./Core/Src/stm32f4xx_it.o
                0x08000ab6                SysTick_Handler
 *fill*         0x08000ac2        0x2 
 .text.USART2_IRQHandler
                0x08000ac4       0x14 ./Core/Src/stm32f4xx_it.o
                0x08000ac4                USART2_IRQHandler
 .text.SystemInit
                0x08000ad8       0x24 ./Core/Src/system_stm32f4xx.o
                0x08000ad8                SystemInit
 .text.Reset_Handler
                0x08000afc       0x50 ./Core/Startup/startup_stm32f407vgtx.o
                0x08000afc                Reset_Handler
 .text.Default_Handler
                0x08000b4c        0x2 ./Core/Startup/startup_stm32f407vgtx.o
                0x08000b4c                RTC_Alarm_IRQHandler
                0x08000b4c                HASH_RNG_IRQHandler
                0x08000b4c                EXTI2_IRQHandler
                0x08000b4c                TIM8_CC_IRQHandler
                0x08000b4c                TIM1_CC_IRQHandler
                0x08000b4c                DMA2_Stream5_IRQHandler
                0x08000b4c                DMA1_Stream5_IRQHandler
                0x08000b4c                PVD_IRQHandler
                0x08000b4c                SDIO_IRQHandler
                0x08000b4c                TAMP_STAMP_IRQHandler
                0x08000b4c                CAN2_RX1_IRQHandler
                0x08000b4c                EXTI3_IRQHandler
                0x08000b4c                TIM8_TRG_COM_TIM14_IRQHandler
                0x08000b4c                TIM1_UP_TIM10_IRQHandler
                0x08000b4c                TIM8_UP_TIM13_IRQHandler
                0x08000b4c                I2C3_ER_IRQHandler
                0x08000b4c                EXTI0_IRQHandler
                0x08000b4c                I2C2_EV_IRQHandler
                0x08000b4c                DMA1_Stream2_IRQHandler
                0x08000b4c                CAN1_RX0_IRQHandler
                0x08000b4c                FPU_IRQHandler
                0x08000b4c                OTG_HS_WKUP_IRQHandler
                0x08000b4c                CAN2_SCE_IRQHandler
                0x08000b4c                DMA2_Stream2_IRQHandler
                0x08000b4c                SPI1_IRQHandler
                0x08000b4c                TIM6_DAC_IRQHandler
                0x08000b4c                TIM1_BRK_TIM9_IRQHandler
                0x08000b4c                DCMI_IRQHandler
                0x08000b4c                CAN2_RX0_IRQHandler
                0x08000b4c                DMA2_Stream3_IRQHandler
                0x08000b4c                USART6_IRQHandler
                0x08000b4c                USART3_IRQHandler
                0x08000b4c                CAN1_RX1_IRQHandler
                0x08000b4c                UART5_IRQHandler
                0x08000b4c                DMA2_Stream0_IRQHandler
                0x08000b4c                TIM4_IRQHandler
                0x08000b4c                I2C1_EV_IRQHandler
                0x08000b4c                DMA1_Stream6_IRQHandler
                0x08000b4c                DMA1_Stream1_IRQHandler
                0x08000b4c                UART4_IRQHandler
                0x08000b4c                TIM3_IRQHandler
                0x08000b4c                RCC_IRQHandler
                0x08000b4c                TIM8_BRK_TIM12_IRQHandler
                0x08000b4c                Default_Handler
                0x08000b4c                EXTI15_10_IRQHandler
                0x08000b4c                ADC_IRQHandler
                0x08000b4c                DMA1_Stream7_IRQHandler
                0x08000b4c                TIM7_IRQHandler
                0x08000b4c                CAN2_TX_IRQHandler
                0x08000b4c                TIM5_IRQHandler
                0x08000b4c                DMA2_Stream7_IRQHandler
                0x08000b4c                I2C3_EV_IRQHandler
                0x08000b4c                EXTI9_5_IRQHandler
                0x08000b4c                RTC_WKUP_IRQHandler
                0x08000b4c                ETH_WKUP_IRQHandler
                0x08000b4c                SPI2_IRQHandler
                0x08000b4c                OTG_HS_EP1_IN_IRQHandler
                0x08000b4c                DMA1_Stream0_IRQHandler
                0x08000b4c                CAN1_TX_IRQHandler
                0x08000b4c                EXTI4_IRQHandler
                0x08000b4c                FSMC_IRQHandler
                0x08000b4c                ETH_IRQHandler
                0x08000b4c                OTG_HS_EP1_OUT_IRQHandler
                0x08000b4c                WWDG_IRQHandler
                0x08000b4c                TIM2_IRQHandler
                0x08000b4c                OTG_FS_WKUP_IRQHandler
                0x08000b4c                TIM1_TRG_COM_TIM11_IRQHandler
                0x08000b4c                OTG_HS_IRQHandler
                0x08000b4c                EXTI1_IRQHandler
                0x08000b4c                I2C2_ER_IRQHandler
                0x08000b4c                DMA2_Stream1_IRQHandler
                0x08000b4c                CAN1_SCE_IRQHandler
                0x08000b4c                FLASH_IRQHandler
                0x08000b4c                DMA2_Stream4_IRQHandler
                0x08000b4c                USART1_IRQHandler
                0x08000b4c                OTG_FS_IRQHandler
                0x08000b4c                SPI3_IRQHandler
                0x08000b4c                DMA1_Stream4_IRQHandler
                0x08000b4c                I2C1_ER_IRQHandler
                0x08000b4c                DMA2_Stream6_IRQHandler
                0x08000b4c                DMA1_Stream3_IRQHandler
 *fill*         0x08000b4e        0x2 
 .text.HAL_Init
                0x08000b50       0x44 ./Drivers/STM32F4xx_HAL_Driver/Src/stm32f4xx_hal.o
                0x08000b50                HAL_Init
 .text.HAL_InitTick
                0x08000b94       0x60 ./Drivers/STM32F4xx_HAL_Driver/Src/stm32f4xx_hal.o
                0x08000b94                HAL_InitTick
 .text.HAL_IncTick
                0x08000bf4       0x28 ./Drivers/STM32F4xx_HAL_Driver/Src/stm32f4xx_hal.o
                0x08000bf4                HAL_IncTick
 .text.HAL_GetTick
                0x08000c1c       0x18 ./Drivers/STM32F4xx_HAL_Driver/Src/stm32f4xx_hal.o
                0x08000c1c                HAL_GetTick
 .text.HAL_Delay
                0x08000c34       0x48 ./Drivers/STM32F4xx_HAL_Driver/Src/stm32f4xx_hal.o
                0x08000c34                HAL_Delay
 .text.__NVIC_SetPriorityGrouping
                0x08000c7c       0x48 ./Drivers/STM32F4xx_HAL_Driver/Src/stm32f4xx_hal_cortex.o
 .text.__NVIC_GetPriorityGrouping
                0x08000cc4       0x1c ./Drivers/STM32F4xx_HAL_Driver/Src/stm32f4xx_hal_cortex.o
 .text.__NVIC_EnableIRQ
                0x08000ce0       0x3c ./Drivers/STM32F4xx_HAL_Driver/Src/stm32f4xx_hal_cortex.o
 .text.__NVIC_SetPriority
                0x08000d1c       0x54 ./Drivers/STM32F4xx_HAL_Driver/Src/stm32f4xx_hal_cortex.o
 .text.NVIC_EncodePriority
                0x08000d70       0x66 ./Drivers/STM32F4xx_HAL_Driver/Src/stm32f4xx_hal_cortex.o
 *fill*         0x08000dd6        0x2 
 .text.SysTick_Config
                0x08000dd8       0x44 ./Drivers/STM32F4xx_HAL_Driver/Src/stm32f4xx_hal_cortex.o
 .text.HAL_NVIC_SetPriorityGrouping
                0x08000e1c       0x16 ./Drivers/STM32F4xx_HAL_Driver/Src/stm32f4xx_hal_cortex.o
                0x08000e1c                HAL_NVIC_SetPriorityGrouping
 .text.HAL_NVIC_SetPriority
                0x08000e32       0x38 ./Drivers/STM32F4xx_HAL_Driver/Src/stm32f4xx_hal_cortex.o
                0x08000e32                HAL_NVIC_SetPriority
 .text.HAL_NVIC_EnableIRQ
                0x08000e6a       0x1c ./Drivers/STM32F4xx_HAL_Driver/Src/stm32f4xx_hal_cortex.o
                0x08000e6a                HAL_NVIC_EnableIRQ
 .text.HAL_SYSTICK_Config
                0x08000e86       0x18 ./Drivers/STM32F4xx_HAL_Driver/Src/stm32f4xx_hal_cortex.o
                0x08000e86                HAL_SYSTICK_Config
 .text.HAL_DMA_Abort
                0x08000e9e       0xe0 ./Drivers/STM32F4xx_HAL_Driver/Src/stm32f4xx_hal_dma.o
                0x08000e9e                HAL_DMA_Abort
 .text.HAL_DMA_Abort_IT
                0x08000f7e       0x44 ./Drivers/STM32F4xx_HAL_Driver/Src/stm32f4xx_hal_dma.o
                0x08000f7e                HAL_DMA_Abort_IT
 *fill*         0x08000fc2        0x2 
 .text.HAL_GPIO_Init
                0x08000fc4      0x338 ./Drivers/STM32F4xx_HAL_Driver/Src/stm32f4xx_hal_gpio.o
                0x08000fc4                HAL_GPIO_Init
 .text.HAL_RCC_OscConfig
                0x080012fc      0x4f0 ./Drivers/STM32F4xx_HAL_Driver/Src/stm32f4xx_hal_rcc.o
                0x080012fc                HAL_RCC_OscConfig
 .text.HAL_RCC_ClockConfig
                0x080017ec      0x1cc ./Drivers/STM32F4xx_HAL_Driver/Src/stm32f4xx_hal_rcc.o
                0x080017ec                HAL_RCC_ClockConfig
 .text.HAL_RCC_GetSysClockFreq
                0x080019b8      0x18c ./Drivers/STM32F4xx_HAL_Driver/Src/stm32f4xx_hal_rcc.o
                0x080019b8                HAL_RCC_GetSysClockFreq
 .text.HAL_RCC_GetHCLKFreq
                0x08001b44       0x18 ./Drivers/STM32F4xx_HAL_Driver/Src/stm32f4xx_hal_rcc.o
                0x08001b44                HAL_RCC_GetHCLKFreq
 .text.HAL_RCC_GetPCLK1Freq
                0x08001b5c       0x28 ./Drivers/STM32F4xx_HAL_Driver/Src/stm32f4xx_hal_rcc.o
                0x08001b5c                HAL_RCC_GetPCLK1Freq
 .text.HAL_RCC_GetPCLK2Freq
                0x08001b84       0x28 ./Drivers/STM32F4xx_HAL_Driver/Src/stm32f4xx_hal_rcc.o
                0x08001b84                HAL_RCC_GetPCLK2Freq
 .text.HAL_UART_Init
                0x08001bac       0xa0 ./Drivers/STM32F4xx_HAL_Driver/Src/stm32f4xx_hal_uart.o
                0x08001bac                HAL_UART_Init
 .text.HAL_UART_Transmit
                0x08001c4c      0x116 ./Drivers/STM32F4xx_HAL_Driver/Src/stm32f4xx_hal_uart.o
                0x08001c4c                HAL_UART_Transmit
 *fill*         0x08001d62        0x2 
 .text.HAL_UART_IRQHandler
                0x08001d64      0x524 ./Drivers/STM32F4xx_HAL_Driver/Src/stm32f4xx_hal_uart.o
                0x08001d64                HAL_UART_IRQHandler
 .text.HAL_UART_TxCpltCallback
                0x08002288       0x14 ./Drivers/STM32F4xx_HAL_Driver/Src/stm32f4xx_hal_uart.o
                0x08002288                HAL_UART_TxCpltCallback
 .text.HAL_UART_RxCpltCallback
                0x0800229c       0x14 ./Drivers/STM32F4xx_HAL_Driver/Src/stm32f4xx_hal_uart.o
                0x0800229c                HAL_UART_RxCpltCallback
 .text.HAL_UART_ErrorCallback
                0x080022b0       0x14 ./Drivers/STM32F4xx_HAL_Driver/Src/stm32f4xx_hal_uart.o
                0x080022b0                HAL_UART_ErrorCallback
 .text.HAL_UARTEx_RxEventCallback
                0x080022c4       0x18 ./Drivers/STM32F4xx_HAL_Driver/Src/stm32f4xx_hal_uart.o
                0x080022c4                HAL_UARTEx_RxEventCallback
 .text.UART_WaitOnFlagUntilTimeout
                0x080022dc       0xb2 ./Drivers/STM32F4xx_HAL_Driver/Src/stm32f4xx_hal_uart.o
 .text.UART_EndRxTransfer
                0x0800238e       0xc6 ./Drivers/STM32F4xx_HAL_Driver/Src/stm32f4xx_hal_uart.o
 .text.UART_DMAAbortOnError
                0x08002454       0x28 ./Drivers/STM32F4xx_HAL_Driver/Src/stm32f4xx_hal_uart.o
 .text.UART_Transmit_IT
                0x0800247c       0xa0 ./Drivers/STM32F4xx_HAL_Driver/Src/stm32f4xx_hal_uart.o
 .text.UART_EndTransmit_IT
                0x0800251c       0x30 ./Drivers/STM32F4xx_HAL_Driver/Src/stm32f4xx_hal_uart.o
 .text.UART_Receive_IT
                0x0800254c      0x17c ./Drivers/STM32F4xx_HAL_Driver/Src/stm32f4xx_hal_uart.o
 .text.UART_SetConfig
                0x080026c8      0x4e8 ./Drivers/STM32F4xx_HAL_Driver/Src/stm32f4xx_hal_uart.o
 .text.memset   0x08002bb0       0x10 C:/ST/STM32CubeIDE_1.17.0/STM32CubeIDE/plugins/com.st.stm32cube.ide.mcu.externaltools.gnu-tools-for-stm32.12.3.rel1.win32_1.1.0.202410251130/tools/bin/../lib/gcc/arm-none-eabi/12.3.1/../../../../arm-none-eabi/lib/thumb/v7e-m+fp/hard\libc_nano.a(libc_a-memset.o)
                0x08002bb0                memset
 .text.__libc_init_array
                0x08002bc0       0x48 C:/ST/STM32CubeIDE_1.17.0/STM32CubeIDE/plugins/com.st.stm32cube.ide.mcu.externaltools.gnu-tools-for-stm32.12.3.rel1.win32_1.1.0.202410251130/tools/bin/../lib/gcc/arm-none-eabi/12.3.1/../../../../arm-none-eabi/lib/thumb/v7e-m+fp/hard\libc_nano.a(libc_a-init.o)
                0x08002bc0                __libc_init_array
 .text.memcpy   0x08002c08       0x1c C:/ST/STM32CubeIDE_1.17.0/STM32CubeIDE/plugins/com.st.stm32cube.ide.mcu.externaltools.gnu-tools-for-stm32.12.3.rel1.win32_1.1.0.202410251130/tools/bin/../lib/gcc/arm-none-eabi/12.3.1/../../../../arm-none-eabi/lib/thumb/v7e-m+fp/hard\libc_nano.a(libc_a-memcpy-stub.o)
                0x08002c08                memcpy
 *(.glue_7)
 .glue_7        0x08002c24        0x0 linker stubs
 *(.glue_7t)
 .glue_7t       0x08002c24        0x0 linker stubs
 *(.eh_frame)
 .eh_frame      0x08002c24        0x0 C:/ST/STM32CubeIDE_1.17.0/STM32CubeIDE/plugins/com.st.stm32cube.ide.mcu.externaltools.gnu-tools-for-stm32.12.3.rel1.win32_1.1.0.202410251130/tools/bin/../lib/gcc/arm-none-eabi/12.3.1/thumb/v7e-m+fp/hard/crtbegin.o
 *(.init)
 .init          0x08002c24        0x4 C:/ST/STM32CubeIDE_1.17.0/STM32CubeIDE/plugins/com.st.stm32cube.ide.mcu.externaltools.gnu-tools-for-stm32.12.3.rel1.win32_1.1.0.202410251130/tools/bin/../lib/gcc/arm-none-eabi/12.3.1/thumb/v7e-m+fp/hard/crti.o
                0x08002c24                _init
 .init          0x08002c28        0x8 C:/ST/STM32CubeIDE_1.17.0/STM32CubeIDE/plugins/com.st.stm32cube.ide.mcu.externaltools.gnu-tools-for-stm32.12.3.rel1.win32_1.1.0.202410251130/tools/bin/../lib/gcc/arm-none-eabi/12.3.1/thumb/v7e-m+fp/hard/crtn.o
 *(.fini)
 .fini          0x08002c30        0x4 C:/ST/STM32CubeIDE_1.17.0/STM32CubeIDE/plugins/com.st.stm32cube.ide.mcu.externaltools.gnu-tools-for-stm32.12.3.rel1.win32_1.1.0.202410251130/tools/bin/../lib/gcc/arm-none-eabi/12.3.1/thumb/v7e-m+fp/hard/crti.o
                0x08002c30                _fini
 .fini          0x08002c34        0x8 C:/ST/STM32CubeIDE_1.17.0/STM32CubeIDE/plugins/com.st.stm32cube.ide.mcu.externaltools.gnu-tools-for-stm32.12.3.rel1.win32_1.1.0.202410251130/tools/bin/../lib/gcc/arm-none-eabi/12.3.1/thumb/v7e-m+fp/hard/crtn.o
                0x08002c3c                        . = ALIGN (0x4)
                0x08002c3c                        _etext = .

.vfp11_veneer   0x08002c3c        0x0
 .vfp11_veneer  0x08002c3c        0x0 linker stubs

.v4_bx          0x08002c3c        0x0
 .v4_bx         0x08002c3c        0x0 linker stubs

.iplt           0x08002c3c        0x0
 .iplt          0x08002c3c        0x0 C:/ST/STM32CubeIDE_1.17.0/STM32CubeIDE/plugins/com.st.stm32cube.ide.mcu.externaltools.gnu-tools-for-stm32.12.3.rel1.win32_1.1.0.202410251130/tools/bin/../lib/gcc/arm-none-eabi/12.3.1/thumb/v7e-m+fp/hard/crtbegin.o

.rodata         0x08002c3c       0x18
                0x08002c3c                        . = ALIGN (0x4)
 *(.rodata)
 *(.rodata*)
 .rodata.AHBPrescTable
                0x08002c3c       0x10 ./Core/Src/system_stm32f4xx.o
                0x08002c3c                AHBPrescTable
 .rodata.APBPrescTable
                0x08002c4c        0x8 ./Core/Src/system_stm32f4xx.o
                0x08002c4c                APBPrescTable
                0x08002c54                        . = ALIGN (0x4)

.ARM.extab      0x08002c54        0x0
                0x08002c54                        . = ALIGN (0x4)
 *(.ARM.extab* .gnu.linkonce.armextab.*)
                0x08002c54                        . = ALIGN (0x4)

.ARM            0x08002c54        0x8
                0x08002c54                        . = ALIGN (0x4)
                0x08002c54                        __exidx_start = .
 *(.ARM.exidx*)
 .ARM.exidx     0x08002c54        0x8 C:/ST/STM32CubeIDE_1.17.0/STM32CubeIDE/plugins/com.st.stm32cube.ide.mcu.externaltools.gnu-tools-for-stm32.12.3.rel1.win32_1.1.0.202410251130/tools/bin/../lib/gcc/arm-none-eabi/12.3.1/thumb/v7e-m+fp/hard\libgcc.a(_udivmoddi4.o)
                0x08002c5c                        __exidx_end = .
                0x08002c5c                        . = ALIGN (0x4)

.preinit_array  0x08002c5c        0x0
                0x08002c5c                        . = ALIGN (0x4)
                0x08002c5c                        PROVIDE (__preinit_array_start = .)
 *(.preinit_array*)
                0x08002c5c                        PROVIDE (__preinit_array_end = .)
                0x08002c5c                        . = ALIGN (0x4)

.init_array     0x08002c5c        0x4
                0x08002c5c                        . = ALIGN (0x4)
                0x08002c5c                        PROVIDE (__init_array_start = .)
 *(SORT_BY_NAME(.init_array.*))
 *(.init_array*)
 .init_array    0x08002c5c        0x4 C:/ST/STM32CubeIDE_1.17.0/STM32CubeIDE/plugins/com.st.stm32cube.ide.mcu.externaltools.gnu-tools-for-stm32.12.3.rel1.win32_1.1.0.202410251130/tools/bin/../lib/gcc/arm-none-eabi/12.3.1/thumb/v7e-m+fp/hard/crtbegin.o
                0x08002c60                        PROVIDE (__init_array_end = .)
                0x08002c60                        . = ALIGN (0x4)

.fini_array     0x08002c60        0x4
                0x08002c60                        . = ALIGN (0x4)
                [!provide]                        PROVIDE (__fini_array_start = .)
 *(SORT_BY_NAME(.fini_array.*))
 *(.fini_array*)
 .fini_array    0x08002c60        0x4 C:/ST/STM32CubeIDE_1.17.0/STM32CubeIDE/plugins/com.st.stm32cube.ide.mcu.externaltools.gnu-tools-for-stm32.12.3.rel1.win32_1.1.0.202410251130/tools/bin/../lib/gcc/arm-none-eabi/12.3.1/thumb/v7e-m+fp/hard/crtbegin.o
                [!provide]                        PROVIDE (__fini_array_end = .)
                0x08002c64                        . = ALIGN (0x4)
                0x08002c64                        _sidata = LOADADDR (.data)

.rel.dyn        0x08002c64        0x0
 .rel.iplt      0x08002c64        0x0 C:/ST/STM32CubeIDE_1.17.0/STM32CubeIDE/plugins/com.st.stm32cube.ide.mcu.externaltools.gnu-tools-for-stm32.12.3.rel1.win32_1.1.0.202410251130/tools/bin/../lib/gcc/arm-none-eabi/12.3.1/thumb/v7e-m+fp/hard/crtbegin.o

.data           0x20000000        0xc load address 0x08002c64
                0x20000000                        . = ALIGN (0x4)
                0x20000000                        _sdata = .
 *(.data)
 *(.data*)
 .data.SystemCoreClock
                0x20000000        0x4 ./Core/Src/system_stm32f4xx.o
                0x20000000                SystemCoreClock
 .data.uwTickPrio
                0x20000004        0x4 ./Drivers/STM32F4xx_HAL_Driver/Src/stm32f4xx_hal.o
                0x20000004                uwTickPrio
 .data.uwTickFreq
                0x20000008        0x1 ./Drivers/STM32F4xx_HAL_Driver/Src/stm32f4xx_hal.o
                0x20000008                uwTickFreq
 *(.RamFunc)
 *(.RamFunc*)
                0x2000000c                        . = ALIGN (0x4)
 *fill*         0x20000009        0x3 
                0x2000000c                        _edata = .
                0x08002c70                        _siccmram = LOADADDR (.ccmram)

.igot.plt       0x2000000c        0x0 load address 0x08002c70
 .igot.plt      0x2000000c        0x0 C:/ST/STM32CubeIDE_1.17.0/STM32CubeIDE/plugins/com.st.stm32cube.ide.mcu.externaltools.gnu-tools-for-stm32.12.3.rel1.win32_1.1.0.202410251130/tools/bin/../lib/gcc/arm-none-eabi/12.3.1/thumb/v7e-m+fp/hard/crtbegin.o

.ccmram         0x10000000        0x0 load address 0x08002c70
                0x10000000                        . = ALIGN (0x4)
                0x10000000                        _sccmram = .
 *(.ccmram)
 *(.ccmram*)
                0x10000000                        . = ALIGN (0x4)
                0x10000000                        _eccmram = .
                0x10000000                        . = ALIGN (0x4)

.bss            0x2000000c     0x1490
                0x2000000c                        _sbss = .
                0x2000000c                        __bss_start__ = _sbss
 *(.bss)
 .bss           0x2000000c       0x1c C:/ST/STM32CubeIDE_1.17.0/STM32CubeIDE/plugins/com.st.stm32cube.ide.mcu.externaltools.gnu-tools-for-stm32.12.3.rel1.win32_1.1.0.202410251130/tools/bin/../lib/gcc/arm-none-eabi/12.3.1/thumb/v7e-m+fp/hard/crtbegin.o
 *(.bss*)
 .bss.global_date_packet
                0x20000028      0x408 ./Core/Src/Application.o
 .bss.global_time_packet
                0x20000430      0x408 ./Core/Src/Application.o
 .bss.global_adc_packet
                0x20000838      0x408 ./Core/Src/Application.o
 .bss.global_button_packet
                0x20000c40      0x408 ./Core/Src/Application.o
 .bss.global_temperature_packet
                0x20001048      0x408 ./Core/Src/Application.o
 .bss.huart2    0x20001450       0x48 ./Core/Src/main.o
                0x20001450                huart2
 .bss.uwTick    0x20001498        0x4 ./Drivers/STM32F4xx_HAL_Driver/Src/stm32f4xx_hal.o
                0x20001498                uwTick
 *(COMMON)
                0x2000149c                        . = ALIGN (0x4)
                0x2000149c                        _ebss = .
                0x2000149c                        __bss_end__ = _ebss

._user_heap_stack
                0x2000149c      0x604
                0x200014a0                        . = ALIGN (0x8)
 *fill*         0x2000149c        0x4 
                [!provide]                        PROVIDE (end = .)
                0x200014a0                        PROVIDE (_end = .)
                0x200016a0                        . = (. + _Min_Heap_Size)
 *fill*         0x200014a0      0x200 
                0x20001aa0                        . = (. + _Min_Stack_Size)
 *fill*         0x200016a0      0x400 
                0x20001aa0                        . = ALIGN (0x8)

/DISCARD/
 libc.a(*)
 libm.a(*)
 libgcc.a(*)

.ARM.attributes
                0x00000000       0x30
 *(.ARM.attributes)
 .ARM.attributes
                0x00000000       0x22 C:/ST/STM32CubeIDE_1.17.0/STM32CubeIDE/plugins/com.st.stm32cube.ide.mcu.externaltools.gnu-tools-for-stm32.12.3.rel1.win32_1.1.0.202410251130/tools/bin/../lib/gcc/arm-none-eabi/12.3.1/thumb/v7e-m+fp/hard/crti.o
 .ARM.attributes
                0x00000022       0x34 C:/ST/STM32CubeIDE_1.17.0/STM32CubeIDE/plugins/com.st.stm32cube.ide.mcu.externaltools.gnu-tools-for-stm32.12.3.rel1.win32_1.1.0.202410251130/tools/bin/../lib/gcc/arm-none-eabi/12.3.1/thumb/v7e-m+fp/hard/crtbegin.o
 .ARM.attributes
                0x00000056       0x34 ./Core/Src/Application.o
 .ARM.attributes
                0x0000008a       0x34 ./Core/Src/Driver.o
 .ARM.attributes
                0x000000be       0x34 ./Core/Src/Protocol.o
 .ARM.attributes
                0x000000f2       0x34 ./Core/Src/Utils.o
 .ARM.attributes
                0x00000126       0x34 ./Core/Src/main.o
 .ARM.attributes
                0x0000015a       0x34 ./Core/Src/stm32f4xx_hal_msp.o
 .ARM.attributes
                0x0000018e       0x34 ./Core/Src/stm32f4xx_it.o
 .ARM.attributes
                0x000001c2       0x34 ./Core/Src/system_stm32f4xx.o
 .ARM.attributes
                0x000001f6       0x21 ./Core/Startup/startup_stm32f407vgtx.o
 .ARM.attributes
                0x00000217       0x34 ./Drivers/STM32F4xx_HAL_Driver/Src/stm32f4xx_hal.o
 .ARM.attributes
                0x0000024b       0x34 ./Drivers/STM32F4xx_HAL_Driver/Src/stm32f4xx_hal_cortex.o
 .ARM.attributes
                0x0000027f       0x34 ./Drivers/STM32F4xx_HAL_Driver/Src/stm32f4xx_hal_dma.o
 .ARM.attributes
                0x000002b3       0x34 ./Drivers/STM32F4xx_HAL_Driver/Src/stm32f4xx_hal_gpio.o
 .ARM.attributes
                0x000002e7       0x34 ./Drivers/STM32F4xx_HAL_Driver/Src/stm32f4xx_hal_rcc.o
 .ARM.attributes
                0x0000031b       0x34 ./Drivers/STM32F4xx_HAL_Driver/Src/stm32f4xx_hal_uart.o
 .ARM.attributes
                0x0000034f       0x34 C:/ST/STM32CubeIDE_1.17.0/STM32CubeIDE/plugins/com.st.stm32cube.ide.mcu.externaltools.gnu-tools-for-stm32.12.3.rel1.win32_1.1.0.202410251130/tools/bin/../lib/gcc/arm-none-eabi/12.3.1/../../../../arm-none-eabi/lib/thumb/v7e-m+fp/hard\libc_nano.a(libc_a-memset.o)
 .ARM.attributes
                0x00000383       0x34 C:/ST/STM32CubeIDE_1.17.0/STM32CubeIDE/plugins/com.st.stm32cube.ide.mcu.externaltools.gnu-tools-for-stm32.12.3.rel1.win32_1.1.0.202410251130/tools/bin/../lib/gcc/arm-none-eabi/12.3.1/../../../../arm-none-eabi/lib/thumb/v7e-m+fp/hard\libc_nano.a(libc_a-init.o)
 .ARM.attributes
                0x000003b7       0x34 C:/ST/STM32CubeIDE_1.17.0/STM32CubeIDE/plugins/com.st.stm32cube.ide.mcu.externaltools.gnu-tools-for-stm32.12.3.rel1.win32_1.1.0.202410251130/tools/bin/../lib/gcc/arm-none-eabi/12.3.1/../../../../arm-none-eabi/lib/thumb/v7e-m+fp/hard\libc_nano.a(libc_a-memcpy-stub.o)
 .ARM.attributes
                0x000003eb       0x22 C:/ST/STM32CubeIDE_1.17.0/STM32CubeIDE/plugins/com.st.stm32cube.ide.mcu.externaltools.gnu-tools-for-stm32.12.3.rel1.win32_1.1.0.202410251130/tools/bin/../lib/gcc/arm-none-eabi/12.3.1/thumb/v7e-m+fp/hard\libgcc.a(_aeabi_uldivmod.o)
 .ARM.attributes
                0x0000040d       0x34 C:/ST/STM32CubeIDE_1.17.0/STM32CubeIDE/plugins/com.st.stm32cube.ide.mcu.externaltools.gnu-tools-for-stm32.12.3.rel1.win32_1.1.0.202410251130/tools/bin/../lib/gcc/arm-none-eabi/12.3.1/thumb/v7e-m+fp/hard\libgcc.a(_udivmoddi4.o)
 .ARM.attributes
                0x00000441       0x22 C:/ST/STM32CubeIDE_1.17.0/STM32CubeIDE/plugins/com.st.stm32cube.ide.mcu.externaltools.gnu-tools-for-stm32.12.3.rel1.win32_1.1.0.202410251130/tools/bin/../lib/gcc/arm-none-eabi/12.3.1/thumb/v7e-m+fp/hard\libgcc.a(_dvmd_tls.o)
 .ARM.attributes
                0x00000463       0x22 C:/ST/STM32CubeIDE_1.17.0/STM32CubeIDE/plugins/com.st.stm32cube.ide.mcu.externaltools.gnu-tools-for-stm32.12.3.rel1.win32_1.1.0.202410251130/tools/bin/../lib/gcc/arm-none-eabi/12.3.1/thumb/v7e-m+fp/hard/crtn.o
OUTPUT(lab2.elf elf32-littlearm)
LOAD linker stubs
LOAD C:/ST/STM32CubeIDE_1.17.0/STM32CubeIDE/plugins/com.st.stm32cube.ide.mcu.externaltools.gnu-tools-for-stm32.12.3.rel1.win32_1.1.0.202410251130/tools/bin/../lib/gcc/arm-none-eabi/12.3.1/../../../../arm-none-eabi/lib/thumb/v7e-m+fp/hard\libc.a
LOAD C:/ST/STM32CubeIDE_1.17.0/STM32CubeIDE/plugins/com.st.stm32cube.ide.mcu.externaltools.gnu-tools-for-stm32.12.3.rel1.win32_1.1.0.202410251130/tools/bin/../lib/gcc/arm-none-eabi/12.3.1/../../../../arm-none-eabi/lib/thumb/v7e-m+fp/hard\libm.a
LOAD C:/ST/STM32CubeIDE_1.17.0/STM32CubeIDE/plugins/com.st.stm32cube.ide.mcu.externaltools.gnu-tools-for-stm32.12.3.rel1.win32_1.1.0.202410251130/tools/bin/../lib/gcc/arm-none-eabi/12.3.1/thumb/v7e-m+fp/hard\libgcc.a

.debug_info     0x00000000     0x9009
 .debug_info    0x00000000      0x588 ./Core/Src/Application.o
 .debug_info    0x00000588      0x60d ./Core/Src/Driver.o
 .debug_info    0x00000b95      0x2a5 ./Core/Src/Protocol.o
 .debug_info    0x00000e3a       0xb2 ./Core/Src/Utils.o
 .debug_info    0x00000eec      0xbd2 ./Core/Src/main.o
 .debug_info    0x00001abe      0xb58 ./Core/Src/stm32f4xx_hal_msp.o
 .debug_info    0x00002616      0x639 ./Core/Src/stm32f4xx_it.o
 .debug_info    0x00002c4f      0x512 ./Core/Src/system_stm32f4xx.o
 .debug_info    0x00003161       0x30 ./Core/Startup/startup_stm32f407vgtx.o
 .debug_info    0x00003191      0x944 ./Drivers/STM32F4xx_HAL_Driver/Src/stm32f4xx_hal.o
 .debug_info    0x00003ad5      0xd8c ./Drivers/STM32F4xx_HAL_Driver/Src/stm32f4xx_hal_cortex.o
 .debug_info    0x00004861      0x8e7 ./Drivers/STM32F4xx_HAL_Driver/Src/stm32f4xx_hal_dma.o
 .debug_info    0x00005148      0x6c3 ./Drivers/STM32F4xx_HAL_Driver/Src/stm32f4xx_hal_gpio.o
 .debug_info    0x0000580b      0x8af ./Drivers/STM32F4xx_HAL_Driver/Src/stm32f4xx_hal_rcc.o
 .debug_info    0x000060ba     0x2f4f ./Drivers/STM32F4xx_HAL_Driver/Src/stm32f4xx_hal_uart.o

.debug_abbrev   0x00000000     0x1a6a
 .debug_abbrev  0x00000000      0x158 ./Core/Src/Application.o
 .debug_abbrev  0x00000158      0x15a ./Core/Src/Driver.o
 .debug_abbrev  0x000002b2      0x15b ./Core/Src/Protocol.o
 .debug_abbrev  0x0000040d       0x6b ./Core/Src/Utils.o
 .debug_abbrev  0x00000478      0x245 ./Core/Src/main.o
 .debug_abbrev  0x000006bd      0x1cc ./Core/Src/stm32f4xx_hal_msp.o
 .debug_abbrev  0x00000889      0x175 ./Core/Src/stm32f4xx_it.o
 .debug_abbrev  0x000009fe      0x11a ./Core/Src/system_stm32f4xx.o
 .debug_abbrev  0x00000b18       0x24 ./Core/Startup/startup_stm32f407vgtx.o
 .debug_abbrev  0x00000b3c      0x214 ./Drivers/STM32F4xx_HAL_Driver/Src/stm32f4xx_hal.o
 .debug_abbrev  0x00000d50      0x31d ./Drivers/STM32F4xx_HAL_Driver/Src/stm32f4xx_hal_cortex.o
 .debug_abbrev  0x0000106d      0x264 ./Drivers/STM32F4xx_HAL_Driver/Src/stm32f4xx_hal_dma.o
 .debug_abbrev  0x000012d1      0x1d4 ./Drivers/STM32F4xx_HAL_Driver/Src/stm32f4xx_hal_gpio.o
 .debug_abbrev  0x000014a5      0x2b7 ./Drivers/STM32F4xx_HAL_Driver/Src/stm32f4xx_hal_rcc.o
 .debug_abbrev  0x0000175c      0x30e ./Drivers/STM32F4xx_HAL_Driver/Src/stm32f4xx_hal_uart.o

.debug_aranges  0x00000000      0x780
 .debug_aranges
                0x00000000       0x50 ./Core/Src/Application.o
 .debug_aranges
                0x00000050       0x20 ./Core/Src/Driver.o
 .debug_aranges
                0x00000070       0x30 ./Core/Src/Protocol.o
 .debug_aranges
                0x000000a0       0x20 ./Core/Src/Utils.o
 .debug_aranges
                0x000000c0       0x40 ./Core/Src/main.o
 .debug_aranges
                0x00000100       0x30 ./Core/Src/stm32f4xx_hal_msp.o
 .debug_aranges
                0x00000130       0x68 ./Core/Src/stm32f4xx_it.o
 .debug_aranges
                0x00000198       0x28 ./Core/Src/system_stm32f4xx.o
 .debug_aranges
                0x000001c0       0x28 ./Core/Startup/startup_stm32f407vgtx.o
 .debug_aranges
                0x000001e8       0xf0 ./Drivers/STM32F4xx_HAL_Driver/Src/stm32f4xx_hal.o
 .debug_aranges
                0x000002d8      0x130 ./Drivers/STM32F4xx_HAL_Driver/Src/stm32f4xx_hal_cortex.o
 .debug_aranges
                0x00000408       0x90 ./Drivers/STM32F4xx_HAL_Driver/Src/stm32f4xx_hal_dma.o
 .debug_aranges
                0x00000498       0x58 ./Drivers/STM32F4xx_HAL_Driver/Src/stm32f4xx_hal_gpio.o
 .debug_aranges
                0x000004f0       0x88 ./Drivers/STM32F4xx_HAL_Driver/Src/stm32f4xx_hal_rcc.o
 .debug_aranges
                0x00000578      0x208 ./Drivers/STM32F4xx_HAL_Driver/Src/stm32f4xx_hal_uart.o

.debug_rnglists
                0x00000000      0x5a5
 .debug_rnglists
                0x00000000       0x38 ./Core/Src/Application.o
 .debug_rnglists
                0x00000038       0x13 ./Core/Src/Driver.o
 .debug_rnglists
                0x0000004b       0x1f ./Core/Src/Protocol.o
 .debug_rnglists
                0x0000006a       0x13 ./Core/Src/Utils.o
 .debug_rnglists
                0x0000007d       0x2c ./Core/Src/main.o
 .debug_rnglists
                0x000000a9       0x20 ./Core/Src/stm32f4xx_hal_msp.o
 .debug_rnglists
                0x000000c9       0x49 ./Core/Src/stm32f4xx_it.o
 .debug_rnglists
                0x00000112       0x1a ./Core/Src/system_stm32f4xx.o
 .debug_rnglists
                0x0000012c       0x19 ./Core/Startup/startup_stm32f407vgtx.o
 .debug_rnglists
                0x00000145       0xaf ./Drivers/STM32F4xx_HAL_Driver/Src/stm32f4xx_hal.o
 .debug_rnglists
                0x000001f4       0xe0 ./Drivers/STM32F4xx_HAL_Driver/Src/stm32f4xx_hal_cortex.o
 .debug_rnglists
                0x000002d4       0x70 ./Drivers/STM32F4xx_HAL_Driver/Src/stm32f4xx_hal_dma.o
 .debug_rnglists
                0x00000344       0x3f ./Drivers/STM32F4xx_HAL_Driver/Src/stm32f4xx_hal_gpio.o
 .debug_rnglists
                0x00000383       0x66 ./Drivers/STM32F4xx_HAL_Driver/Src/stm32f4xx_hal_rcc.o
 .debug_rnglists
                0x000003e9      0x1bc ./Drivers/STM32F4xx_HAL_Driver/Src/stm32f4xx_hal_uart.o

.debug_macro    0x00000000    0x205dc
 .debug_macro   0x00000000      0x187 ./Core/Src/Application.o
 .debug_macro   0x00000187      0xab4 ./Core/Src/Application.o
 .debug_macro   0x00000c3b       0x22 ./Core/Src/Application.o
 .debug_macro   0x00000c5d       0x8e ./Core/Src/Application.o
 .debug_macro   0x00000ceb       0x51 ./Core/Src/Application.o
 .debug_macro   0x00000d3c      0x103 ./Core/Src/Application.o
 .debug_macro   0x00000e3f       0x6a ./Core/Src/Application.o
 .debug_macro   0x00000ea9      0x1df ./Core/Src/Application.o
 .debug_macro   0x00001088       0x2a ./Core/Src/Application.o
 .debug_macro   0x000010b2       0x61 ./Core/Src/Application.o
 .debug_macro   0x00001113       0x43 ./Core/Src/Application.o
 .debug_macro   0x00001156       0x34 ./Core/Src/Application.o
 .debug_macro   0x0000118a       0x16 ./Core/Src/Application.o
 .debug_macro   0x000011a0      0x11c ./Core/Src/Application.o
 .debug_macro   0x000012bc       0x94 ./Core/Src/Application.o
 .debug_macro   0x00001350       0x16 ./Core/Src/Application.o
 .debug_macro   0x00001366       0x43 ./Core/Src/Application.o
 .debug_macro   0x000013a9       0x34 ./Core/Src/Application.o
 .debug_macro   0x000013dd       0x10 ./Core/Src/Application.o
 .debug_macro   0x000013ed       0x58 ./Core/Src/Application.o
 .debug_macro   0x00001445       0x8e ./Core/Src/Application.o
 .debug_macro   0x000014d3       0x1c ./Core/Src/Application.o
 .debug_macro   0x000014ef      0x177 ./Core/Src/Application.o
 .debug_macro   0x00001666      0x369 ./Core/Src/Application.o
 .debug_macro   0x000019cf       0x16 ./Core/Src/Application.o
 .debug_macro   0x000019e5       0x29 ./Core/Src/Application.o
 .debug_macro   0x00001a0e       0x10 ./Core/Src/Application.o
 .debug_macro   0x00001a1e       0x16 ./Core/Src/Application.o
 .debug_macro   0x00001a34       0x35 ./Core/Src/Application.o
 .debug_macro   0x00001a69       0x20 ./Core/Src/Application.o
 .debug_macro   0x00001a89      0x1c8 ./Core/Src/Driver.o
 .debug_macro   0x00001c51      0x189 ./Core/Src/Driver.o
 .debug_macro   0x00001dda      0x295 ./Core/Src/Driver.o
 .debug_macro   0x0000206f       0x2e ./Core/Src/Driver.o
 .debug_macro   0x0000209d       0x2f ./Core/Src/Driver.o
 .debug_macro   0x000020cc       0x1c ./Core/Src/Driver.o
 .debug_macro   0x000020e8       0x22 ./Core/Src/Driver.o
 .debug_macro   0x0000210a       0xfb ./Core/Src/Driver.o
 .debug_macro   0x00002205     0x1011 ./Core/Src/Driver.o
 .debug_macro   0x00003216      0x11f ./Core/Src/Driver.o
 .debug_macro   0x00003335    0x15e97 ./Core/Src/Driver.o
 .debug_macro   0x000191cc       0x6d ./Core/Src/Driver.o
 .debug_macro   0x00019239     0x369a ./Core/Src/Driver.o
 .debug_macro   0x0001c8d3       0x5c ./Core/Src/Driver.o
 .debug_macro   0x0001c92f      0x980 ./Core/Src/Driver.o
 .debug_macro   0x0001d2af      0x9e9 ./Core/Src/Driver.o
 .debug_macro   0x0001dc98      0x115 ./Core/Src/Driver.o
 .debug_macro   0x0001ddad      0x13e ./Core/Src/Driver.o
 .debug_macro   0x0001deeb       0xa5 ./Core/Src/Driver.o
 .debug_macro   0x0001df90      0x174 ./Core/Src/Driver.o
 .debug_macro   0x0001e104      0x287 ./Core/Src/Driver.o
 .debug_macro   0x0001e38b       0x5f ./Core/Src/Driver.o
 .debug_macro   0x0001e3ea      0x236 ./Core/Src/Driver.o
 .debug_macro   0x0001e620      0x12c ./Core/Src/Driver.o
 .debug_macro   0x0001e74c      0x21e ./Core/Src/Driver.o
 .debug_macro   0x0001e96a       0x2e ./Core/Src/Driver.o
 .debug_macro   0x0001e998      0x127 ./Core/Src/Driver.o
 .debug_macro   0x0001eabf       0x7e ./Core/Src/Driver.o
 .debug_macro   0x0001eb3d       0x89 ./Core/Src/Driver.o
 .debug_macro   0x0001ebc6      0x2aa ./Core/Src/Driver.o
 .debug_macro   0x0001ee70      0x12d ./Core/Src/Driver.o
 .debug_macro   0x0001ef9d      0x18b ./Core/Src/Protocol.o
 .debug_macro   0x0001f128      0x1c4 ./Core/Src/Utils.o
 .debug_macro   0x0001f2ec      0x2b7 ./Core/Src/main.o
 .debug_macro   0x0001f5a3      0x1c4 ./Core/Src/stm32f4xx_hal_msp.o
 .debug_macro   0x0001f767      0x1ce ./Core/Src/stm32f4xx_it.o
 .debug_macro   0x0001f935      0x1ba ./Core/Src/system_stm32f4xx.o
 .debug_macro   0x0001faef      0x21a ./Drivers/STM32F4xx_HAL_Driver/Src/stm32f4xx_hal.o
 .debug_macro   0x0001fd09      0x1ba ./Drivers/STM32F4xx_HAL_Driver/Src/stm32f4xx_hal_cortex.o
 .debug_macro   0x0001fec3      0x1c0 ./Drivers/STM32F4xx_HAL_Driver/Src/stm32f4xx_hal_dma.o
 .debug_macro   0x00020083      0x1c0 ./Drivers/STM32F4xx_HAL_Driver/Src/stm32f4xx_hal_gpio.o
 .debug_macro   0x00020243      0x1de ./Drivers/STM32F4xx_HAL_Driver/Src/stm32f4xx_hal_rcc.o
 .debug_macro   0x00020421      0x1bb ./Drivers/STM32F4xx_HAL_Driver/Src/stm32f4xx_hal_uart.o

.debug_line     0x00000000     0xa48a
 .debug_line    0x00000000      0x6b3 ./Core/Src/Application.o
 .debug_line    0x000006b3      0x70b ./Core/Src/Driver.o
 .debug_line    0x00000dbe      0x692 ./Core/Src/Protocol.o
 .debug_line    0x00001450      0x709 ./Core/Src/Utils.o
 .debug_line    0x00001b59      0x96d ./Core/Src/main.o
 .debug_line    0x000024c6      0x765 ./Core/Src/stm32f4xx_hal_msp.o
 .debug_line    0x00002c2b      0x7f0 ./Core/Src/stm32f4xx_it.o
 .debug_line    0x0000341b      0x79a ./Core/Src/system_stm32f4xx.o
 .debug_line    0x00003bb5       0x7a ./Core/Startup/startup_stm32f407vgtx.o
 .debug_line    0x00003c2f      0xa03 ./Drivers/STM32F4xx_HAL_Driver/Src/stm32f4xx_hal.o
 .debug_line    0x00004632      0xcf5 ./Drivers/STM32F4xx_HAL_Driver/Src/stm32f4xx_hal_cortex.o
 .debug_line    0x00005327      0xf73 ./Drivers/STM32F4xx_HAL_Driver/Src/stm32f4xx_hal_dma.o
 .debug_line    0x0000629a      0xb8f ./Drivers/STM32F4xx_HAL_Driver/Src/stm32f4xx_hal_gpio.o
 .debug_line    0x00006e29      0xd8c ./Drivers/STM32F4xx_HAL_Driver/Src/stm32f4xx_hal_rcc.o
 .debug_line    0x00007bb5     0x28d5 ./Drivers/STM32F4xx_HAL_Driver/Src/stm32f4xx_hal_uart.o

.debug_str      0x00000000    0xc2549
 .debug_str     0x00000000     0x7425 ./Core/Src/Application.o
                               0x767a (size before relaxing)
 .debug_str     0x00007425    0xb8fbc ./Core/Src/Driver.o
                              0xbd12c (size before relaxing)
 .debug_str     0x000c03e1       0x60 ./Core/Src/Protocol.o
                               0x7422 (size before relaxing)
 .debug_str     0x000c0441       0x20 ./Core/Src/Utils.o
                              0xbcc65 (size before relaxing)
 .debug_str     0x000c0461      0x342 ./Core/Src/main.o
                              0xc06b8 (size before relaxing)
 .debug_str     0x000c07a3      0x57d ./Core/Src/stm32f4xx_hal_msp.o
                              0xbd7b2 (size before relaxing)
 .debug_str     0x000c0d20       0xef ./Core/Src/stm32f4xx_it.o
                              0xbd195 (size before relaxing)
 .debug_str     0x000c0e0f       0xdb ./Core/Src/system_stm32f4xx.o
                              0xbce0f (size before relaxing)
 .debug_str     0x000c0eea       0x44 ./Core/Startup/startup_stm32f407vgtx.o
                                 0x57 (size before relaxing)
 .debug_str     0x000c0f2e      0x601 ./Drivers/STM32F4xx_HAL_Driver/Src/stm32f4xx_hal.o
                              0xbd993 (size before relaxing)
 .debug_str     0x000c152f      0x36b ./Drivers/STM32F4xx_HAL_Driver/Src/stm32f4xx_hal_cortex.o
                              0xbd70f (size before relaxing)
 .debug_str     0x000c189a      0x322 ./Drivers/STM32F4xx_HAL_Driver/Src/stm32f4xx_hal_dma.o
                              0xbd229 (size before relaxing)
 .debug_str     0x000c1bbc      0x15d ./Drivers/STM32F4xx_HAL_Driver/Src/stm32f4xx_hal_gpio.o
                              0xbcf8a (size before relaxing)
 .debug_str     0x000c1d19      0x233 ./Drivers/STM32F4xx_HAL_Driver/Src/stm32f4xx_hal_rcc.o
                              0xbd243 (size before relaxing)
 .debug_str     0x000c1f4c      0x5fd ./Drivers/STM32F4xx_HAL_Driver/Src/stm32f4xx_hal_uart.o
                              0xbd824 (size before relaxing)

.comment        0x00000000       0x43
 .comment       0x00000000       0x43 ./Core/Src/Application.o
                                 0x44 (size before relaxing)
 .comment       0x00000043       0x44 ./Core/Src/Driver.o
 .comment       0x00000043       0x44 ./Core/Src/Protocol.o
 .comment       0x00000043       0x44 ./Core/Src/Utils.o
 .comment       0x00000043       0x44 ./Core/Src/main.o
 .comment       0x00000043       0x44 ./Core/Src/stm32f4xx_hal_msp.o
 .comment       0x00000043       0x44 ./Core/Src/stm32f4xx_it.o
 .comment       0x00000043       0x44 ./Core/Src/system_stm32f4xx.o
 .comment       0x00000043       0x44 ./Drivers/STM32F4xx_HAL_Driver/Src/stm32f4xx_hal.o
 .comment       0x00000043       0x44 ./Drivers/STM32F4xx_HAL_Driver/Src/stm32f4xx_hal_cortex.o
 .comment       0x00000043       0x44 ./Drivers/STM32F4xx_HAL_Driver/Src/stm32f4xx_hal_dma.o
 .comment       0x00000043       0x44 ./Drivers/STM32F4xx_HAL_Driver/Src/stm32f4xx_hal_gpio.o
 .comment       0x00000043       0x44 ./Drivers/STM32F4xx_HAL_Driver/Src/stm32f4xx_hal_rcc.o
 .comment       0x00000043       0x44 ./Drivers/STM32F4xx_HAL_Driver/Src/stm32f4xx_hal_uart.o

.debug_frame    0x00000000     0x1cc4
 .debug_frame   0x00000000      0x110 ./Core/Src/Application.o
 .debug_frame   0x00000110       0x34 ./Core/Src/Driver.o
 .debug_frame   0x00000144       0x80 ./Core/Src/Protocol.o
 .debug_frame   0x000001c4       0x2c ./Core/Src/Utils.o
 .debug_frame   0x000001f0       0xa8 ./Core/Src/main.o
 .debug_frame   0x00000298       0x80 ./Core/Src/stm32f4xx_hal_msp.o
 .debug_frame   0x00000318      0x120 ./Core/Src/stm32f4xx_it.o
 .debug_frame   0x00000438       0x58 ./Core/Src/system_stm32f4xx.o
 .debug_frame   0x00000490      0x374 ./Drivers/STM32F4xx_HAL_Driver/Src/stm32f4xx_hal.o
 .debug_frame   0x00000804      0x508 ./Drivers/STM32F4xx_HAL_Driver/Src/stm32f4xx_hal_cortex.o
 .debug_frame   0x00000d0c      0x250 ./Drivers/STM32F4xx_HAL_Driver/Src/stm32f4xx_hal_dma.o
 .debug_frame   0x00000f5c      0x14c ./Drivers/STM32F4xx_HAL_Driver/Src/stm32f4xx_hal_gpio.o
 .debug_frame   0x000010a8      0x1f4 ./Drivers/STM32F4xx_HAL_Driver/Src/stm32f4xx_hal_rcc.o
 .debug_frame   0x0000129c      0x954 ./Drivers/STM32F4xx_HAL_Driver/Src/stm32f4xx_hal_uart.o
 .debug_frame   0x00001bf0       0x20 C:/ST/STM32CubeIDE_1.17.0/STM32CubeIDE/plugins/com.st.stm32cube.ide.mcu.externaltools.gnu-tools-for-stm32.12.3.rel1.win32_1.1.0.202410251130/tools/bin/../lib/gcc/arm-none-eabi/12.3.1/../../../../arm-none-eabi/lib/thumb/v7e-m+fp/hard\libc_nano.a(libc_a-memset.o)
 .debug_frame   0x00001c10       0x2c C:/ST/STM32CubeIDE_1.17.0/STM32CubeIDE/plugins/com.st.stm32cube.ide.mcu.externaltools.gnu-tools-for-stm32.12.3.rel1.win32_1.1.0.202410251130/tools/bin/../lib/gcc/arm-none-eabi/12.3.1/../../../../arm-none-eabi/lib/thumb/v7e-m+fp/hard\libc_nano.a(libc_a-init.o)
 .debug_frame   0x00001c3c       0x28 C:/ST/STM32CubeIDE_1.17.0/STM32CubeIDE/plugins/com.st.stm32cube.ide.mcu.externaltools.gnu-tools-for-stm32.12.3.rel1.win32_1.1.0.202410251130/tools/bin/../lib/gcc/arm-none-eabi/12.3.1/../../../../arm-none-eabi/lib/thumb/v7e-m+fp/hard\libc_nano.a(libc_a-memcpy-stub.o)
 .debug_frame   0x00001c64       0x2c C:/ST/STM32CubeIDE_1.17.0/STM32CubeIDE/plugins/com.st.stm32cube.ide.mcu.externaltools.gnu-tools-for-stm32.12.3.rel1.win32_1.1.0.202410251130/tools/bin/../lib/gcc/arm-none-eabi/12.3.1/thumb/v7e-m+fp/hard\libgcc.a(_aeabi_uldivmod.o)
 .debug_frame   0x00001c90       0x34 C:/ST/STM32CubeIDE_1.17.0/STM32CubeIDE/plugins/com.st.stm32cube.ide.mcu.externaltools.gnu-tools-for-stm32.12.3.rel1.win32_1.1.0.202410251130/tools/bin/../lib/gcc/arm-none-eabi/12.3.1/thumb/v7e-m+fp/hard\libgcc.a(_udivmoddi4.o)

.debug_line_str
                0x00000000       0x3b
 .debug_line_str
                0x00000000       0x3b ./Core/Startup/startup_stm32f407vgtx.o
